[sep-gob.ml/prepaenlinea/certificados/qr/qrcertificado/PICJ690826HJCXVR03/index.html]
[backblue.gif]
[fade.gif]
[index.html]
[sep-gob.ml/resources/images/credencial/credencial_qr-02.png]
[sep-gob.ml/prepaenlinea/certificados/qr/qrcertificado/PICJ690826HJCXVR03/index_files/credencial_qr-04.png]
[sep-gob.ml/prepaenlinea/certificados/qr/qrcertificado/PICJ690826HJCXVR03/index_files/logo_prepa-01.png]
[sep-gob.ml/prepaenlinea/certificados/qr/qrcertificado/PICJ690826HJCXVR03/index_files/credencial_qr-06.png]
[sep-gob.ml/prepaenlinea/certificados/qr/qrcertificado/PICJ690826HJCXVR03/index_files/foto.png]
[sep-gob.ml/prepaenlinea/certificados/qr/qrcertificado/PICJ690826HJCXVR03/certificado.pdf]
[sep-gob.ml/prepaenlinea/certificados/qr/qrcertificado/PICJ690826HJCXVR03/PerfilEgresado.pdf]
[sep-gob.ml/prepaenlinea/certificados/qr/qrcertificado/PICJ690826HJCXVR03/index_files/credencial_qr-03.png]
[sep-gob.ml/prepaenlinea/certificados/qr/qrcertificado/PICJ690826HJCXVR03/index.html]
[sep-gob.ml/prepaenlinea/certificados/qr/qrcertificado/PICJ690826HJCXVR03/index_files/bootstrap.css]
[sep-gob.ml/prepaenlinea/certificados/qr/qrcertificado/PICJ690826HJCXVR03/index_files/bootstrap.min.css]
[sep-gob.ml/resources/images/credencial/credencial_qr-02.html]
